../Drivers/STM32G0xx_HAL_Driver/Inc/stm32g0xx_ll_rcc.h:1347:22:LL_RCC_HSI_Enable	1
../Drivers/STM32G0xx_HAL_Driver/Inc/stm32g0xx_ll_rcc.h:1367:26:LL_RCC_HSI_IsReady	2
../Drivers/STM32G0xx_HAL_Driver/Inc/stm32g0xx_ll_rcc.h:1688:22:LL_RCC_SetSysClkSource	1
../Drivers/STM32G0xx_HAL_Driver/Inc/stm32g0xx_ll_rcc.h:1703:26:LL_RCC_GetSysClkSource	1
../Drivers/STM32G0xx_HAL_Driver/Inc/stm32g0xx_ll_rcc.h:1723:22:LL_RCC_SetAHBPrescaler	1
../Drivers/STM32G0xx_HAL_Driver/Inc/stm32g0xx_ll_rcc.h:1739:22:LL_RCC_SetAPB1Prescaler	1
../Drivers/STM32G0xx_HAL_Driver/Inc/stm32g0xx_ll_rcc.h:1976:22:LL_RCC_SetI2CClockSource	1
../Drivers/STM32G0xx_HAL_Driver/Inc/stm32g0xx_ll_rcc.h:2512:22:LL_RCC_PLL_Enable	1
../Drivers/STM32G0xx_HAL_Driver/Inc/stm32g0xx_ll_rcc.h:2533:26:LL_RCC_PLL_IsReady	2
../Drivers/STM32G0xx_HAL_Driver/Inc/stm32g0xx_ll_rcc.h:2570:22:LL_RCC_PLL_ConfigDomain_SYS	1
../Drivers/STM32G0xx_HAL_Driver/Inc/stm32g0xx_ll_rcc.h:3437:22:LL_RCC_PLL_EnableDomain_SYS	1
../Drivers/STM32G0xx_HAL_Driver/Inc/stm32g0xx_ll_adc.h:2513:22:LL_ADC_SetTriggerFrequencyMode	1
../Drivers/STM32G0xx_HAL_Driver/Inc/stm32g0xx_ll_adc.h:2575:22:LL_ADC_SetSamplingTimeCommonChannels	1
../Drivers/STM32G0xx_HAL_Driver/Inc/stm32g0xx_ll_adc.h:2787:22:LL_ADC_REG_SetSequencerConfigurable	1
../Drivers/STM32G0xx_HAL_Driver/Inc/stm32g0xx_ll_adc.h:3127:22:LL_ADC_REG_SetSequencerRanks	1
../Drivers/STM32G0xx_HAL_Driver/Inc/stm32g0xx_ll_adc.h:3826:22:LL_ADC_SetChannelSamplingTime	1
../Drivers/STM32G0xx_HAL_Driver/Inc/stm32g0xx_ll_adc.h:4378:22:LL_ADC_SetOverSamplingScope	1
../Drivers/STM32G0xx_HAL_Driver/Inc/stm32g0xx_ll_adc.h:4544:22:LL_ADC_EnableInternalRegulator	1
../Drivers/STM32G0xx_HAL_Driver/Inc/stm32g0xx_ll_adc.h:4595:22:LL_ADC_Enable	1
../Drivers/STM32G0xx_HAL_Driver/Inc/stm32g0xx_ll_adc.h:4634:26:LL_ADC_IsEnabled	2
../Drivers/STM32G0xx_HAL_Driver/Inc/stm32g0xx_ll_adc.h:4678:22:LL_ADC_StartCalibration	1
../Drivers/STM32G0xx_HAL_Driver/Inc/stm32g0xx_ll_adc.h:4694:26:LL_ADC_IsCalibrationOnGoing	2
../Drivers/STM32G0xx_HAL_Driver/Inc/stm32g0xx_ll_adc.h:4725:22:LL_ADC_REG_StartConversion	1
../Drivers/STM32G0xx_HAL_Driver/Inc/stm32g0xx_ll_adc.h:4801:26:LL_ADC_REG_ReadConversionData12	1
../Drivers/STM32G0xx_HAL_Driver/Inc/stm32g0xx_ll_adc.h:4868:26:LL_ADC_IsActiveFlag_ADRDY	2
../Drivers/STM32G0xx_HAL_Driver/Inc/stm32g0xx_ll_adc.h:4895:26:LL_ADC_IsActiveFlag_CCRDY	2
../Drivers/STM32G0xx_HAL_Driver/Inc/stm32g0xx_ll_adc.h:4906:26:LL_ADC_IsActiveFlag_EOC	2
../Drivers/STM32G0xx_HAL_Driver/Inc/stm32g0xx_ll_adc.h:4917:26:LL_ADC_IsActiveFlag_EOS	2
../Drivers/STM32G0xx_HAL_Driver/Inc/stm32g0xx_ll_adc.h:5008:22:LL_ADC_ClearFlag_CCRDY	1
../Drivers/STM32G0xx_HAL_Driver/Inc/stm32g0xx_ll_adc.h:5030:22:LL_ADC_ClearFlag_EOS	1
../Drivers/STM32G0xx_HAL_Driver/Inc/stm32g0xx_ll_adc.h:5247:22:LL_ADC_DisableIT_EOC	1
../Drivers/STM32G0xx_HAL_Driver/Inc/stm32g0xx_ll_adc.h:5258:22:LL_ADC_DisableIT_EOS	1
../Drivers/STM32G0xx_HAL_Driver/Inc/stm32g0xx_ll_i2c.h:644:22:LL_I2C_EnableClockStretching	1
../Drivers/STM32G0xx_HAL_Driver/Inc/stm32g0xx_ll_i2c.h:764:22:LL_I2C_DisableGeneralCall	1
../Drivers/STM32G0xx_HAL_Driver/Inc/stm32g0xx_ll_i2c.h:875:22:LL_I2C_SetOwnAddress2	1
../Drivers/STM32G0xx_HAL_Driver/Inc/stm32g0xx_ll_i2c.h:897:22:LL_I2C_DisableOwnAddress2	1
../Drivers/STM32G0xx_HAL_Driver/Inc/stm32g0xx_ll_i2c.h:1565:26:LL_I2C_IsActiveFlag_TXIS	2
../Drivers/STM32G0xx_HAL_Driver/Inc/stm32g0xx_ll_i2c.h:1578:26:LL_I2C_IsActiveFlag_RXNE	2
../Drivers/STM32G0xx_HAL_Driver/Inc/stm32g0xx_ll_i2c.h:1617:26:LL_I2C_IsActiveFlag_STOP	2
../Drivers/STM32G0xx_HAL_Driver/Inc/stm32g0xx_ll_i2c.h:1630:26:LL_I2C_IsActiveFlag_TC	2
../Drivers/STM32G0xx_HAL_Driver/Inc/stm32g0xx_ll_i2c.h:1774:22:LL_I2C_ClearFlag_STOP	1
../Drivers/STM32G0xx_HAL_Driver/Inc/stm32g0xx_ll_i2c.h:1879:22:LL_I2C_EnableAutoEndMode	1
../Drivers/STM32G0xx_HAL_Driver/Inc/stm32g0xx_ll_i2c.h:2133:22:LL_I2C_HandleTransfer	1
../Drivers/STM32G0xx_HAL_Driver/Inc/stm32g0xx_ll_i2c.h:2225:25:LL_I2C_ReceiveData8	1
../Drivers/STM32G0xx_HAL_Driver/Inc/stm32g0xx_ll_i2c.h:2237:22:LL_I2C_TransmitData8	1
../Drivers/STM32G0xx_HAL_Driver/Inc/stm32g0xx_ll_bus.h:467:22:LL_APB1_GRP1_EnableClock	1
../Drivers/STM32G0xx_HAL_Driver/Inc/stm32g0xx_ll_bus.h:921:22:LL_APB2_GRP1_EnableClock	1
../Drivers/STM32G0xx_HAL_Driver/Inc/stm32g0xx_ll_bus.h:1135:22:LL_IOP_GRP1_EnableClock	1
../Drivers/STM32G0xx_HAL_Driver/Inc/stm32g0xx_ll_system.h:1972:22:LL_FLASH_SetLatency	1
../Drivers/STM32G0xx_HAL_Driver/Inc/stm32g0xx_ll_system.h:1985:26:LL_FLASH_GetLatency	1
../Drivers/STM32G0xx_HAL_Driver/Inc/stm32g0xx_ll_usart.h:634:22:LL_USART_Enable	1
../Drivers/STM32G0xx_HAL_Driver/Inc/stm32g0xx_ll_usart.h:2673:22:LL_USART_ConfigAsyncMode	1
../Drivers/STM32G0xx_HAL_Driver/Inc/stm32g0xx_ll_usart.h:3023:26:LL_USART_IsActiveFlag_TXE_TXFNF	2
../Drivers/STM32G0xx_HAL_Driver/Inc/stm32g0xx_ll_usart.h:3193:26:LL_USART_IsActiveFlag_TEACK	2
../Drivers/STM32G0xx_HAL_Driver/Inc/stm32g0xx_ll_usart.h:3204:26:LL_USART_IsActiveFlag_REACK	2
../Drivers/STM32G0xx_HAL_Driver/Inc/stm32g0xx_ll_usart.h:4274:22:LL_USART_TransmitData8	1
../Drivers/STM32G0xx_HAL_Driver/Inc/stm32g0xx_ll_gpio.h:776:26:LL_GPIO_IsInputPinSet	2
../Drivers/STM32G0xx_HAL_Driver/Inc/stm32g0xx_ll_gpio.h:886:22:LL_GPIO_ResetOutputPin	1
../Core/Src/main.c:114:9:Platform_I2C_Write	8
../Core/Src/main.c:149:9:Platform_I2C_Read	10
../Core/Src/main.c:196:6:Update_ADC_Values	4
../Core/Src/main.c:214:5:Fast_IntToStr	4
../Core/Src/main.c:240:5:main	1
../Core/Src/main.c:325:6:SystemClock_Config	6
../Core/Src/main.c:372:13:MX_ADC1_Init	5
../Core/Src/main.c:530:13:MX_I2C1_Init	1
../Core/Src/main.c:597:13:MX_USART2_UART_Init	3
../Core/Src/main.c:667:13:MX_GPIO_Init	1
../Core/Src/main.c:732:6:StartUARTTask	3
../Core/Src/main.c:787:6:StartSensorTask	14
../Core/Src/main.c:889:6:HAL_TIM_PeriodElapsedCallback	2
../Core/Src/main.c:907:6:Error_Handler	1
